<html>
<body>
<pre>
<h1>µVision Build Log</h1>
<h2>Project:</h2>
C:\Keil\Labware\DxBall\SpaceInvaders.uvproj
Project File Date:  06/14/2019

<h2>Output:</h2>
Rebuild target 'SpaceInvaders'
assembling startup.s...
compiling Nokia5110.c...
assembling random.s...
compiling SpaceInvaders.c...
SpaceInvaders.c(28): warning:  #1295-D: Deprecated declaration display - give arg types
  void display();
SpaceInvaders.c(29): warning:  #1295-D: Deprecated declaration startingScreen - give arg types
  void startingScreen();
SpaceInvaders.c(30): warning:  #1295-D: Deprecated declaration Gameover - give arg types
  void Gameover();
SpaceInvaders.c: 3 warnings, 0 errors
compiling TExaS.c...
compiling PORTF.c...
PORTF.c(22): warning:  #1-D: last line of file ends without a newline
  }
PORTF.c: 1 warning, 0 errors
compiling PORTE.c...
compiling BitMaps.c...
linking...
Program Size: Code=5164 RO-data=2872 RW-data=92 ZI-data=2692  
".\SpaceInvaders.axf" - 0 Error(s), 4 Warning(s).
Load "C:\\Keil\\Labware\\DxBall\\SpaceInvaders.axf" 
Connecting: Mode=JTAG, Speed=1000000Hz
Connection failed!, error code=&d
Error: Flash Download failed  -  Target DLL has been cancelled
Load "C:\\Keil\\Labware\\DxBall\\SpaceInvaders.axf" 
Connecting: Mode=JTAG, Speed=1000000Hz
Erase Done.
Programming Done.
Verify OK.
</pre>
</body>
</html>
